JWT_SECRET is using the default development value. Do NOT use this in any internet-facing deployment.
INFO:     Started server process [68264]
INFO:     Waiting for application startup.
INFO:     Application startup complete.
INFO:     Uvicorn running on http://127.0.0.1:8000 (Press CTRL+C to quit)
INFO:     Will watch for changes in these directories: ['D:\\student_assistant\\backend']
INFO:     Uvicorn running on http://127.0.0.1:8000 (Press CTRL+C to quit)
INFO:     Started reloader process [14068] using StatReload
Process SpawnProcess-1:
Traceback (most recent call last):
  File "C:\Python314\Lib\multiprocessing\process.py", line 320, in _bootstrap
    self.run()
    ~~~~~~~~^^
  File "C:\Python314\Lib\multiprocessing\process.py", line 108, in run
    self._target(*self._args, **self._kwargs)
    ~~~~~~~~~~~~^^^^^^^^^^^^^^^^^^^^^^^^^^^^^
  File "D:\student_assistant\backend\venv\Lib\site-packages\uvicorn\_subprocess.py", line 80, in subprocess_started
    target(sockets=sockets)
    ~~~~~~^^^^^^^^^^^^^^^^^
  File "D:\student_assistant\backend\venv\Lib\site-packages\uvicorn\server.py", line 67, in run
    return asyncio.run(self.serve(sockets=sockets))
           ~~~~~~~~~~~^^^^^^^^^^^^^^^^^^^^^^^^^^^^^
  File "C:\Python314\Lib\asyncio\runners.py", line 204, in run
    return runner.run(main)
           ~~~~~~~~~~^^^^^^
  File "C:\Python314\Lib\asyncio\runners.py", line 127, in run
    return self._loop.run_until_complete(task)
           ~~~~~~~~~~~~~~~~~~~~~~~~~~~~~^^^^^^
  File "C:\Python314\Lib\asyncio\base_events.py", line 719, in run_until_complete
    return future.result()
           ~~~~~~~~~~~~~^^
  File "D:\student_assistant\backend\venv\Lib\site-packages\uvicorn\server.py", line 71, in serve
    await self._serve(sockets)
  File "D:\student_assistant\backend\venv\Lib\site-packages\uvicorn\server.py", line 78, in _serve
    config.load()
    ~~~~~~~~~~~^^
  File "D:\student_assistant\backend\venv\Lib\site-packages\uvicorn\config.py", line 436, in load
    self.loaded_app = import_from_string(self.app)
                      ~~~~~~~~~~~~~~~~~~^^^^^^^^^^
  File "D:\student_assistant\backend\venv\Lib\site-packages\uvicorn\importer.py", line 22, in import_from_string
    raise exc from None
  File "D:\student_assistant\backend\venv\Lib\site-packages\uvicorn\importer.py", line 19, in import_from_string
    module = importlib.import_module(module_str)
  File "C:\Python314\Lib\importlib\__init__.py", line 88, in import_module
    return _bootstrap._gcd_import(name[level:], package, level)
           ~~~~~~~~~~~~~~~~~~~~~~^^^^^^^^^^^^^^^^^^^^^^^^^^^^^^
  File "<frozen importlib._bootstrap>", line 1398, in _gcd_import
  File "<frozen importlib._bootstrap>", line 1371, in _find_and_load
  File "<frozen importlib._bootstrap>", line 1342, in _find_and_load_unlocked
  File "<frozen importlib._bootstrap>", line 938, in _load_unlocked
  File "<frozen importlib._bootstrap_external>", line 759, in exec_module
  File "<frozen importlib._bootstrap>", line 491, in _call_with_frames_removed
  File "D:\student_assistant\backend\app\api.py", line 6, in <module>
    from fastapi import Depends, FastAPI, HTTPException, Request
  File "D:\student_assistant\backend\venv\Lib\site-packages\fastapi\__init__.py", line 7, in <module>
    from .applications import FastAPI as FastAPI
  File "D:\student_assistant\backend\venv\Lib\site-packages\fastapi\applications.py", line 16, in <module>
    from fastapi import routing
  File "D:\student_assistant\backend\venv\Lib\site-packages\fastapi\routing.py", line 25, in <module>
    from fastapi import params
  File "D:\student_assistant\backend\venv\Lib\site-packages\fastapi\params.py", line 5, in <module>
    from fastapi.openapi.models import Example
  File "D:\student_assistant\backend\venv\Lib\site-packages\fastapi\openapi\models.py", line 4, in <module>
    from fastapi._compat import (
    ...<6 lines>...
    )
  File "D:\student_assistant\backend\venv\Lib\site-packages\fastapi\_compat.py", line 22, in <module>
    from fastapi.exceptions import RequestErrorModel
  File "D:\student_assistant\backend\venv\Lib\site-packages\fastapi\exceptions.py", line 3, in <module>
    from pydantic import BaseModel, create_model
  File "D:\student_assistant\backend\venv\Lib\site-packages\pydantic\__init__.py", line 5, in <module>
    from ._migration import getattr_migration
  File "D:\student_assistant\backend\venv\Lib\site-packages\pydantic\_migration.py", line 4, in <module>
    from pydantic.warnings import PydanticDeprecatedSince20
  File "D:\student_assistant\backend\venv\Lib\site-packages\pydantic\warnings.py", line 5, in <module>
    from .version import version_short
  File "D:\student_assistant\backend\venv\Lib\site-packages\pydantic\version.py", line 7, in <module>
    from pydantic_core import __version__ as __pydantic_core_version__
  File "D:\student_assistant\backend\venv\Lib\site-packages\pydantic_core\__init__.py", line 8, in <module>
    from ._pydantic_core import (
    ...<21 lines>...
    )
ModuleNotFoundError: No module named 'pydantic_core._pydantic_core'
